// Jest Snapshot v1, https://goo.gl/fbAQLP

exports[`Character component renders Character 1`] = `
<DocumentFragment>
  <figure>
    <img
      alt="test name"
      src="test image"
    />
    <figcaption>
      test name
    </figcaption>
  </figure>
</DocumentFragment>
`;
